// Jest Snapshot v1, https://goo.gl/fbAQLP

exports[`Trade #useAllCommonPairs should get all pair combinations wnrk, nswap 1`] = `
[MockFunction] {
  "calls": Array [
    Array [
      Array [
        Array [
          Token {
            "address": "0xbb4CdB9CBd36B01bD1cBaEBF2De08d9173bc095c",
            "chainId": 81041,
            "decimals": 18,
            "name": "Wrapped NRK",
            "projectLink": "https://nordekscan.com/",
            "symbol": "WNRK",
          },
          Token {
            "address": "0xb2056F916E2485bE08e25246974a1c88d8F57F9E",
            "chainId": 81041,
            "decimals": 18,
            "name": "NSWAP Token",
            "projectLink": "http://norswap.io/",
            "symbol": "NSWAP",
          },
        ],
        Array [
          Token {
            "address": "0xbb4CdB9CBd36B01bD1cBaEBF2De08d9173bc095c",
            "chainId": 81041,
            "decimals": 18,
            "name": "Wrapped NRK",
            "projectLink": "https://nordekscan.com/",
            "symbol": "WNRK",
          },
          Token {
            "address": "0xb2056F916E2485bE08e25246974a1c88d8F57F9E",
            "chainId": 81041,
            "decimals": 18,
            "name": "NSWAP Token",
            "projectLink": "http://norswap.io/",
            "symbol": "NSWAP",
          },
        ],
        Array [
          Token {
            "address": "0xbb4CdB9CBd36B01bD1cBaEBF2De08d9173bc095c",
            "chainId": 81041,
            "decimals": 18,
            "name": "Wrapped NRK",
            "projectLink": "https://nordekscan.com/",
            "symbol": "WNRK",
          },
          Token {
            "address": "0xb30ebc0Ec978472B4a500a717880fE4D8f8c3288",
            "chainId": 81041,
            "decimals": 18,
            "name": "NUSD",
            "projectLink": "",
            "symbol": "NUSD",
          },
        ],
        Array [
          Token {
            "address": "0xbb4CdB9CBd36B01bD1cBaEBF2De08d9173bc095c",
            "chainId": 81041,
            "decimals": 18,
            "name": "Wrapped NRK",
            "projectLink": "https://nordekscan.com/",
            "symbol": "WNRK",
          },
          Token {
            "address": "0x588119D82871d7EC88C1070A2c066A2be2dF36e1",
            "chainId": 81041,
            "decimals": 18,
            "name": "Tether USD",
            "projectLink": "https://tether.to/",
            "symbol": "NUSDT",
          },
        ],
        Array [
          Token {
            "address": "0xbb4CdB9CBd36B01bD1cBaEBF2De08d9173bc095c",
            "chainId": 81041,
            "decimals": 18,
            "name": "Wrapped NRK",
            "projectLink": "https://nordekscan.com/",
            "symbol": "WNRK",
          },
          Token {
            "address": "0x7130d2A12B9BCbFAe4f2634d864A1Ee1Ce3Ead9c",
            "chainId": 81041,
            "decimals": 18,
            "name": "Binance BTC",
            "projectLink": "https://bitcoin.org/",
            "symbol": "BTCB",
          },
        ],
        Array [
          Token {
            "address": "0xbb4CdB9CBd36B01bD1cBaEBF2De08d9173bc095c",
            "chainId": 81041,
            "decimals": 18,
            "name": "Wrapped NRK",
            "projectLink": "https://nordekscan.com/",
            "symbol": "WNRK",
          },
          Token {
            "address": "0x2170Ed0880ac9A755fd29B2688956BD959F933F8",
            "chainId": 81041,
            "decimals": 18,
            "name": "Binance-Peg Ethereum Token",
            "projectLink": "https://ethereum.org/en/",
            "symbol": "ETH",
          },
        ],
        Array [
          Token {
            "address": "0xbb4CdB9CBd36B01bD1cBaEBF2De08d9173bc095c",
            "chainId": 81041,
            "decimals": 18,
            "name": "Wrapped NRK",
            "projectLink": "https://nordekscan.com/",
            "symbol": "WNRK",
          },
          Token {
            "address": "0x8AC76a51cc950d9822D68b83fE1Ad97B32Cd580d",
            "chainId": 81041,
            "decimals": 18,
            "name": "Binance-Peg USD Coin",
            "projectLink": "https://www.centre.io/usdc",
            "symbol": "USDC",
          },
        ],
        Array [
          Token {
            "address": "0xb2056F916E2485bE08e25246974a1c88d8F57F9E",
            "chainId": 81041,
            "decimals": 18,
            "name": "NSWAP Token",
            "projectLink": "http://norswap.io/",
            "symbol": "NSWAP",
          },
          Token {
            "address": "0xbb4CdB9CBd36B01bD1cBaEBF2De08d9173bc095c",
            "chainId": 81041,
            "decimals": 18,
            "name": "Wrapped NRK",
            "projectLink": "https://nordekscan.com/",
            "symbol": "WNRK",
          },
        ],
        Array [
          Token {
            "address": "0xb2056F916E2485bE08e25246974a1c88d8F57F9E",
            "chainId": 81041,
            "decimals": 18,
            "name": "NSWAP Token",
            "projectLink": "http://norswap.io/",
            "symbol": "NSWAP",
          },
          Token {
            "address": "0xb30ebc0Ec978472B4a500a717880fE4D8f8c3288",
            "chainId": 81041,
            "decimals": 18,
            "name": "NUSD",
            "projectLink": "",
            "symbol": "NUSD",
          },
        ],
        Array [
          Token {
            "address": "0xb2056F916E2485bE08e25246974a1c88d8F57F9E",
            "chainId": 81041,
            "decimals": 18,
            "name": "NSWAP Token",
            "projectLink": "http://norswap.io/",
            "symbol": "NSWAP",
          },
          Token {
            "address": "0x588119D82871d7EC88C1070A2c066A2be2dF36e1",
            "chainId": 81041,
            "decimals": 18,
            "name": "Tether USD",
            "projectLink": "https://tether.to/",
            "symbol": "NUSDT",
          },
        ],
        Array [
          Token {
            "address": "0xb2056F916E2485bE08e25246974a1c88d8F57F9E",
            "chainId": 81041,
            "decimals": 18,
            "name": "NSWAP Token",
            "projectLink": "http://norswap.io/",
            "symbol": "NSWAP",
          },
          Token {
            "address": "0x7130d2A12B9BCbFAe4f2634d864A1Ee1Ce3Ead9c",
            "chainId": 81041,
            "decimals": 18,
            "name": "Binance BTC",
            "projectLink": "https://bitcoin.org/",
            "symbol": "BTCB",
          },
        ],
        Array [
          Token {
            "address": "0xb2056F916E2485bE08e25246974a1c88d8F57F9E",
            "chainId": 81041,
            "decimals": 18,
            "name": "NSWAP Token",
            "projectLink": "http://norswap.io/",
            "symbol": "NSWAP",
          },
          Token {
            "address": "0x2170Ed0880ac9A755fd29B2688956BD959F933F8",
            "chainId": 81041,
            "decimals": 18,
            "name": "Binance-Peg Ethereum Token",
            "projectLink": "https://ethereum.org/en/",
            "symbol": "ETH",
          },
        ],
        Array [
          Token {
            "address": "0xb2056F916E2485bE08e25246974a1c88d8F57F9E",
            "chainId": 81041,
            "decimals": 18,
            "name": "NSWAP Token",
            "projectLink": "http://norswap.io/",
            "symbol": "NSWAP",
          },
          Token {
            "address": "0x8AC76a51cc950d9822D68b83fE1Ad97B32Cd580d",
            "chainId": 81041,
            "decimals": 18,
            "name": "Binance-Peg USD Coin",
            "projectLink": "https://www.centre.io/usdc",
            "symbol": "USDC",
          },
        ],
        Array [
          Token {
            "address": "0xbb4CdB9CBd36B01bD1cBaEBF2De08d9173bc095c",
            "chainId": 81041,
            "decimals": 18,
            "name": "Wrapped NRK",
            "projectLink": "https://nordekscan.com/",
            "symbol": "WNRK",
          },
          Token {
            "address": "0xb2056F916E2485bE08e25246974a1c88d8F57F9E",
            "chainId": 81041,
            "decimals": 18,
            "name": "NSWAP Token",
            "projectLink": "http://norswap.io/",
            "symbol": "NSWAP",
          },
        ],
        Array [
          Token {
            "address": "0xbb4CdB9CBd36B01bD1cBaEBF2De08d9173bc095c",
            "chainId": 81041,
            "decimals": 18,
            "name": "Wrapped NRK",
            "projectLink": "https://nordekscan.com/",
            "symbol": "WNRK",
          },
          Token {
            "address": "0xb30ebc0Ec978472B4a500a717880fE4D8f8c3288",
            "chainId": 81041,
            "decimals": 18,
            "name": "NUSD",
            "projectLink": "",
            "symbol": "NUSD",
          },
        ],
        Array [
          Token {
            "address": "0xbb4CdB9CBd36B01bD1cBaEBF2De08d9173bc095c",
            "chainId": 81041,
            "decimals": 18,
            "name": "Wrapped NRK",
            "projectLink": "https://nordekscan.com/",
            "symbol": "WNRK",
          },
          Token {
            "address": "0x588119D82871d7EC88C1070A2c066A2be2dF36e1",
            "chainId": 81041,
            "decimals": 18,
            "name": "Tether USD",
            "projectLink": "https://tether.to/",
            "symbol": "NUSDT",
          },
        ],
        Array [
          Token {
            "address": "0xbb4CdB9CBd36B01bD1cBaEBF2De08d9173bc095c",
            "chainId": 81041,
            "decimals": 18,
            "name": "Wrapped NRK",
            "projectLink": "https://nordekscan.com/",
            "symbol": "WNRK",
          },
          Token {
            "address": "0x7130d2A12B9BCbFAe4f2634d864A1Ee1Ce3Ead9c",
            "chainId": 81041,
            "decimals": 18,
            "name": "Binance BTC",
            "projectLink": "https://bitcoin.org/",
            "symbol": "BTCB",
          },
        ],
        Array [
          Token {
            "address": "0xbb4CdB9CBd36B01bD1cBaEBF2De08d9173bc095c",
            "chainId": 81041,
            "decimals": 18,
            "name": "Wrapped NRK",
            "projectLink": "https://nordekscan.com/",
            "symbol": "WNRK",
          },
          Token {
            "address": "0x2170Ed0880ac9A755fd29B2688956BD959F933F8",
            "chainId": 81041,
            "decimals": 18,
            "name": "Binance-Peg Ethereum Token",
            "projectLink": "https://ethereum.org/en/",
            "symbol": "ETH",
          },
        ],
        Array [
          Token {
            "address": "0xbb4CdB9CBd36B01bD1cBaEBF2De08d9173bc095c",
            "chainId": 81041,
            "decimals": 18,
            "name": "Wrapped NRK",
            "projectLink": "https://nordekscan.com/",
            "symbol": "WNRK",
          },
          Token {
            "address": "0x8AC76a51cc950d9822D68b83fE1Ad97B32Cd580d",
            "chainId": 81041,
            "decimals": 18,
            "name": "Binance-Peg USD Coin",
            "projectLink": "https://www.centre.io/usdc",
            "symbol": "USDC",
          },
        ],
        Array [
          Token {
            "address": "0xb2056F916E2485bE08e25246974a1c88d8F57F9E",
            "chainId": 81041,
            "decimals": 18,
            "name": "NSWAP Token",
            "projectLink": "http://norswap.io/",
            "symbol": "NSWAP",
          },
          Token {
            "address": "0xbb4CdB9CBd36B01bD1cBaEBF2De08d9173bc095c",
            "chainId": 81041,
            "decimals": 18,
            "name": "Wrapped NRK",
            "projectLink": "https://nordekscan.com/",
            "symbol": "WNRK",
          },
        ],
        Array [
          Token {
            "address": "0xb2056F916E2485bE08e25246974a1c88d8F57F9E",
            "chainId": 81041,
            "decimals": 18,
            "name": "NSWAP Token",
            "projectLink": "http://norswap.io/",
            "symbol": "NSWAP",
          },
          Token {
            "address": "0xb30ebc0Ec978472B4a500a717880fE4D8f8c3288",
            "chainId": 81041,
            "decimals": 18,
            "name": "NUSD",
            "projectLink": "",
            "symbol": "NUSD",
          },
        ],
        Array [
          Token {
            "address": "0xb2056F916E2485bE08e25246974a1c88d8F57F9E",
            "chainId": 81041,
            "decimals": 18,
            "name": "NSWAP Token",
            "projectLink": "http://norswap.io/",
            "symbol": "NSWAP",
          },
          Token {
            "address": "0x588119D82871d7EC88C1070A2c066A2be2dF36e1",
            "chainId": 81041,
            "decimals": 18,
            "name": "Tether USD",
            "projectLink": "https://tether.to/",
            "symbol": "NUSDT",
          },
        ],
        Array [
          Token {
            "address": "0xb2056F916E2485bE08e25246974a1c88d8F57F9E",
            "chainId": 81041,
            "decimals": 18,
            "name": "NSWAP Token",
            "projectLink": "http://norswap.io/",
            "symbol": "NSWAP",
          },
          Token {
            "address": "0x7130d2A12B9BCbFAe4f2634d864A1Ee1Ce3Ead9c",
            "chainId": 81041,
            "decimals": 18,
            "name": "Binance BTC",
            "projectLink": "https://bitcoin.org/",
            "symbol": "BTCB",
          },
        ],
        Array [
          Token {
            "address": "0xb2056F916E2485bE08e25246974a1c88d8F57F9E",
            "chainId": 81041,
            "decimals": 18,
            "name": "NSWAP Token",
            "projectLink": "http://norswap.io/",
            "symbol": "NSWAP",
          },
          Token {
            "address": "0x2170Ed0880ac9A755fd29B2688956BD959F933F8",
            "chainId": 81041,
            "decimals": 18,
            "name": "Binance-Peg Ethereum Token",
            "projectLink": "https://ethereum.org/en/",
            "symbol": "ETH",
          },
        ],
        Array [
          Token {
            "address": "0xb2056F916E2485bE08e25246974a1c88d8F57F9E",
            "chainId": 81041,
            "decimals": 18,
            "name": "NSWAP Token",
            "projectLink": "http://norswap.io/",
            "symbol": "NSWAP",
          },
          Token {
            "address": "0x8AC76a51cc950d9822D68b83fE1Ad97B32Cd580d",
            "chainId": 81041,
            "decimals": 18,
            "name": "Binance-Peg USD Coin",
            "projectLink": "https://www.centre.io/usdc",
            "symbol": "USDC",
          },
        ],
        Array [
          Token {
            "address": "0xb30ebc0Ec978472B4a500a717880fE4D8f8c3288",
            "chainId": 81041,
            "decimals": 18,
            "name": "NUSD",
            "projectLink": "",
            "symbol": "NUSD",
          },
          Token {
            "address": "0xbb4CdB9CBd36B01bD1cBaEBF2De08d9173bc095c",
            "chainId": 81041,
            "decimals": 18,
            "name": "Wrapped NRK",
            "projectLink": "https://nordekscan.com/",
            "symbol": "WNRK",
          },
        ],
        Array [
          Token {
            "address": "0xb30ebc0Ec978472B4a500a717880fE4D8f8c3288",
            "chainId": 81041,
            "decimals": 18,
            "name": "NUSD",
            "projectLink": "",
            "symbol": "NUSD",
          },
          Token {
            "address": "0xb2056F916E2485bE08e25246974a1c88d8F57F9E",
            "chainId": 81041,
            "decimals": 18,
            "name": "NSWAP Token",
            "projectLink": "http://norswap.io/",
            "symbol": "NSWAP",
          },
        ],
        Array [
          Token {
            "address": "0xb30ebc0Ec978472B4a500a717880fE4D8f8c3288",
            "chainId": 81041,
            "decimals": 18,
            "name": "NUSD",
            "projectLink": "",
            "symbol": "NUSD",
          },
          Token {
            "address": "0x588119D82871d7EC88C1070A2c066A2be2dF36e1",
            "chainId": 81041,
            "decimals": 18,
            "name": "Tether USD",
            "projectLink": "https://tether.to/",
            "symbol": "NUSDT",
          },
        ],
        Array [
          Token {
            "address": "0xb30ebc0Ec978472B4a500a717880fE4D8f8c3288",
            "chainId": 81041,
            "decimals": 18,
            "name": "NUSD",
            "projectLink": "",
            "symbol": "NUSD",
          },
          Token {
            "address": "0x7130d2A12B9BCbFAe4f2634d864A1Ee1Ce3Ead9c",
            "chainId": 81041,
            "decimals": 18,
            "name": "Binance BTC",
            "projectLink": "https://bitcoin.org/",
            "symbol": "BTCB",
          },
        ],
        Array [
          Token {
            "address": "0xb30ebc0Ec978472B4a500a717880fE4D8f8c3288",
            "chainId": 81041,
            "decimals": 18,
            "name": "NUSD",
            "projectLink": "",
            "symbol": "NUSD",
          },
          Token {
            "address": "0x2170Ed0880ac9A755fd29B2688956BD959F933F8",
            "chainId": 81041,
            "decimals": 18,
            "name": "Binance-Peg Ethereum Token",
            "projectLink": "https://ethereum.org/en/",
            "symbol": "ETH",
          },
        ],
        Array [
          Token {
            "address": "0xb30ebc0Ec978472B4a500a717880fE4D8f8c3288",
            "chainId": 81041,
            "decimals": 18,
            "name": "NUSD",
            "projectLink": "",
            "symbol": "NUSD",
          },
          Token {
            "address": "0x8AC76a51cc950d9822D68b83fE1Ad97B32Cd580d",
            "chainId": 81041,
            "decimals": 18,
            "name": "Binance-Peg USD Coin",
            "projectLink": "https://www.centre.io/usdc",
            "symbol": "USDC",
          },
        ],
        Array [
          Token {
            "address": "0x588119D82871d7EC88C1070A2c066A2be2dF36e1",
            "chainId": 81041,
            "decimals": 18,
            "name": "Tether USD",
            "projectLink": "https://tether.to/",
            "symbol": "NUSDT",
          },
          Token {
            "address": "0xbb4CdB9CBd36B01bD1cBaEBF2De08d9173bc095c",
            "chainId": 81041,
            "decimals": 18,
            "name": "Wrapped NRK",
            "projectLink": "https://nordekscan.com/",
            "symbol": "WNRK",
          },
        ],
        Array [
          Token {
            "address": "0x588119D82871d7EC88C1070A2c066A2be2dF36e1",
            "chainId": 81041,
            "decimals": 18,
            "name": "Tether USD",
            "projectLink": "https://tether.to/",
            "symbol": "NUSDT",
          },
          Token {
            "address": "0xb2056F916E2485bE08e25246974a1c88d8F57F9E",
            "chainId": 81041,
            "decimals": 18,
            "name": "NSWAP Token",
            "projectLink": "http://norswap.io/",
            "symbol": "NSWAP",
          },
        ],
        Array [
          Token {
            "address": "0x588119D82871d7EC88C1070A2c066A2be2dF36e1",
            "chainId": 81041,
            "decimals": 18,
            "name": "Tether USD",
            "projectLink": "https://tether.to/",
            "symbol": "NUSDT",
          },
          Token {
            "address": "0xb30ebc0Ec978472B4a500a717880fE4D8f8c3288",
            "chainId": 81041,
            "decimals": 18,
            "name": "NUSD",
            "projectLink": "",
            "symbol": "NUSD",
          },
        ],
        Array [
          Token {
            "address": "0x588119D82871d7EC88C1070A2c066A2be2dF36e1",
            "chainId": 81041,
            "decimals": 18,
            "name": "Tether USD",
            "projectLink": "https://tether.to/",
            "symbol": "NUSDT",
          },
          Token {
            "address": "0x7130d2A12B9BCbFAe4f2634d864A1Ee1Ce3Ead9c",
            "chainId": 81041,
            "decimals": 18,
            "name": "Binance BTC",
            "projectLink": "https://bitcoin.org/",
            "symbol": "BTCB",
          },
        ],
        Array [
          Token {
            "address": "0x588119D82871d7EC88C1070A2c066A2be2dF36e1",
            "chainId": 81041,
            "decimals": 18,
            "name": "Tether USD",
            "projectLink": "https://tether.to/",
            "symbol": "NUSDT",
          },
          Token {
            "address": "0x2170Ed0880ac9A755fd29B2688956BD959F933F8",
            "chainId": 81041,
            "decimals": 18,
            "name": "Binance-Peg Ethereum Token",
            "projectLink": "https://ethereum.org/en/",
            "symbol": "ETH",
          },
        ],
        Array [
          Token {
            "address": "0x588119D82871d7EC88C1070A2c066A2be2dF36e1",
            "chainId": 81041,
            "decimals": 18,
            "name": "Tether USD",
            "projectLink": "https://tether.to/",
            "symbol": "NUSDT",
          },
          Token {
            "address": "0x8AC76a51cc950d9822D68b83fE1Ad97B32Cd580d",
            "chainId": 81041,
            "decimals": 18,
            "name": "Binance-Peg USD Coin",
            "projectLink": "https://www.centre.io/usdc",
            "symbol": "USDC",
          },
        ],
        Array [
          Token {
            "address": "0x7130d2A12B9BCbFAe4f2634d864A1Ee1Ce3Ead9c",
            "chainId": 81041,
            "decimals": 18,
            "name": "Binance BTC",
            "projectLink": "https://bitcoin.org/",
            "symbol": "BTCB",
          },
          Token {
            "address": "0xbb4CdB9CBd36B01bD1cBaEBF2De08d9173bc095c",
            "chainId": 81041,
            "decimals": 18,
            "name": "Wrapped NRK",
            "projectLink": "https://nordekscan.com/",
            "symbol": "WNRK",
          },
        ],
        Array [
          Token {
            "address": "0x7130d2A12B9BCbFAe4f2634d864A1Ee1Ce3Ead9c",
            "chainId": 81041,
            "decimals": 18,
            "name": "Binance BTC",
            "projectLink": "https://bitcoin.org/",
            "symbol": "BTCB",
          },
          Token {
            "address": "0xb2056F916E2485bE08e25246974a1c88d8F57F9E",
            "chainId": 81041,
            "decimals": 18,
            "name": "NSWAP Token",
            "projectLink": "http://norswap.io/",
            "symbol": "NSWAP",
          },
        ],
        Array [
          Token {
            "address": "0x7130d2A12B9BCbFAe4f2634d864A1Ee1Ce3Ead9c",
            "chainId": 81041,
            "decimals": 18,
            "name": "Binance BTC",
            "projectLink": "https://bitcoin.org/",
            "symbol": "BTCB",
          },
          Token {
            "address": "0xb30ebc0Ec978472B4a500a717880fE4D8f8c3288",
            "chainId": 81041,
            "decimals": 18,
            "name": "NUSD",
            "projectLink": "",
            "symbol": "NUSD",
          },
        ],
        Array [
          Token {
            "address": "0x7130d2A12B9BCbFAe4f2634d864A1Ee1Ce3Ead9c",
            "chainId": 81041,
            "decimals": 18,
            "name": "Binance BTC",
            "projectLink": "https://bitcoin.org/",
            "symbol": "BTCB",
          },
          Token {
            "address": "0x588119D82871d7EC88C1070A2c066A2be2dF36e1",
            "chainId": 81041,
            "decimals": 18,
            "name": "Tether USD",
            "projectLink": "https://tether.to/",
            "symbol": "NUSDT",
          },
        ],
        Array [
          Token {
            "address": "0x7130d2A12B9BCbFAe4f2634d864A1Ee1Ce3Ead9c",
            "chainId": 81041,
            "decimals": 18,
            "name": "Binance BTC",
            "projectLink": "https://bitcoin.org/",
            "symbol": "BTCB",
          },
          Token {
            "address": "0x2170Ed0880ac9A755fd29B2688956BD959F933F8",
            "chainId": 81041,
            "decimals": 18,
            "name": "Binance-Peg Ethereum Token",
            "projectLink": "https://ethereum.org/en/",
            "symbol": "ETH",
          },
        ],
        Array [
          Token {
            "address": "0x7130d2A12B9BCbFAe4f2634d864A1Ee1Ce3Ead9c",
            "chainId": 81041,
            "decimals": 18,
            "name": "Binance BTC",
            "projectLink": "https://bitcoin.org/",
            "symbol": "BTCB",
          },
          Token {
            "address": "0x8AC76a51cc950d9822D68b83fE1Ad97B32Cd580d",
            "chainId": 81041,
            "decimals": 18,
            "name": "Binance-Peg USD Coin",
            "projectLink": "https://www.centre.io/usdc",
            "symbol": "USDC",
          },
        ],
        Array [
          Token {
            "address": "0x2170Ed0880ac9A755fd29B2688956BD959F933F8",
            "chainId": 81041,
            "decimals": 18,
            "name": "Binance-Peg Ethereum Token",
            "projectLink": "https://ethereum.org/en/",
            "symbol": "ETH",
          },
          Token {
            "address": "0xbb4CdB9CBd36B01bD1cBaEBF2De08d9173bc095c",
            "chainId": 81041,
            "decimals": 18,
            "name": "Wrapped NRK",
            "projectLink": "https://nordekscan.com/",
            "symbol": "WNRK",
          },
        ],
        Array [
          Token {
            "address": "0x2170Ed0880ac9A755fd29B2688956BD959F933F8",
            "chainId": 81041,
            "decimals": 18,
            "name": "Binance-Peg Ethereum Token",
            "projectLink": "https://ethereum.org/en/",
            "symbol": "ETH",
          },
          Token {
            "address": "0xb2056F916E2485bE08e25246974a1c88d8F57F9E",
            "chainId": 81041,
            "decimals": 18,
            "name": "NSWAP Token",
            "projectLink": "http://norswap.io/",
            "symbol": "NSWAP",
          },
        ],
        Array [
          Token {
            "address": "0x2170Ed0880ac9A755fd29B2688956BD959F933F8",
            "chainId": 81041,
            "decimals": 18,
            "name": "Binance-Peg Ethereum Token",
            "projectLink": "https://ethereum.org/en/",
            "symbol": "ETH",
          },
          Token {
            "address": "0xb30ebc0Ec978472B4a500a717880fE4D8f8c3288",
            "chainId": 81041,
            "decimals": 18,
            "name": "NUSD",
            "projectLink": "",
            "symbol": "NUSD",
          },
        ],
        Array [
          Token {
            "address": "0x2170Ed0880ac9A755fd29B2688956BD959F933F8",
            "chainId": 81041,
            "decimals": 18,
            "name": "Binance-Peg Ethereum Token",
            "projectLink": "https://ethereum.org/en/",
            "symbol": "ETH",
          },
          Token {
            "address": "0x588119D82871d7EC88C1070A2c066A2be2dF36e1",
            "chainId": 81041,
            "decimals": 18,
            "name": "Tether USD",
            "projectLink": "https://tether.to/",
            "symbol": "NUSDT",
          },
        ],
        Array [
          Token {
            "address": "0x2170Ed0880ac9A755fd29B2688956BD959F933F8",
            "chainId": 81041,
            "decimals": 18,
            "name": "Binance-Peg Ethereum Token",
            "projectLink": "https://ethereum.org/en/",
            "symbol": "ETH",
          },
          Token {
            "address": "0x7130d2A12B9BCbFAe4f2634d864A1Ee1Ce3Ead9c",
            "chainId": 81041,
            "decimals": 18,
            "name": "Binance BTC",
            "projectLink": "https://bitcoin.org/",
            "symbol": "BTCB",
          },
        ],
        Array [
          Token {
            "address": "0x2170Ed0880ac9A755fd29B2688956BD959F933F8",
            "chainId": 81041,
            "decimals": 18,
            "name": "Binance-Peg Ethereum Token",
            "projectLink": "https://ethereum.org/en/",
            "symbol": "ETH",
          },
          Token {
            "address": "0x8AC76a51cc950d9822D68b83fE1Ad97B32Cd580d",
            "chainId": 81041,
            "decimals": 18,
            "name": "Binance-Peg USD Coin",
            "projectLink": "https://www.centre.io/usdc",
            "symbol": "USDC",
          },
        ],
        Array [
          Token {
            "address": "0x8AC76a51cc950d9822D68b83fE1Ad97B32Cd580d",
            "chainId": 81041,
            "decimals": 18,
            "name": "Binance-Peg USD Coin",
            "projectLink": "https://www.centre.io/usdc",
            "symbol": "USDC",
          },
          Token {
            "address": "0xbb4CdB9CBd36B01bD1cBaEBF2De08d9173bc095c",
            "chainId": 81041,
            "decimals": 18,
            "name": "Wrapped NRK",
            "projectLink": "https://nordekscan.com/",
            "symbol": "WNRK",
          },
        ],
        Array [
          Token {
            "address": "0x8AC76a51cc950d9822D68b83fE1Ad97B32Cd580d",
            "chainId": 81041,
            "decimals": 18,
            "name": "Binance-Peg USD Coin",
            "projectLink": "https://www.centre.io/usdc",
            "symbol": "USDC",
          },
          Token {
            "address": "0xb2056F916E2485bE08e25246974a1c88d8F57F9E",
            "chainId": 81041,
            "decimals": 18,
            "name": "NSWAP Token",
            "projectLink": "http://norswap.io/",
            "symbol": "NSWAP",
          },
        ],
        Array [
          Token {
            "address": "0x8AC76a51cc950d9822D68b83fE1Ad97B32Cd580d",
            "chainId": 81041,
            "decimals": 18,
            "name": "Binance-Peg USD Coin",
            "projectLink": "https://www.centre.io/usdc",
            "symbol": "USDC",
          },
          Token {
            "address": "0xb30ebc0Ec978472B4a500a717880fE4D8f8c3288",
            "chainId": 81041,
            "decimals": 18,
            "name": "NUSD",
            "projectLink": "",
            "symbol": "NUSD",
          },
        ],
        Array [
          Token {
            "address": "0x8AC76a51cc950d9822D68b83fE1Ad97B32Cd580d",
            "chainId": 81041,
            "decimals": 18,
            "name": "Binance-Peg USD Coin",
            "projectLink": "https://www.centre.io/usdc",
            "symbol": "USDC",
          },
          Token {
            "address": "0x588119D82871d7EC88C1070A2c066A2be2dF36e1",
            "chainId": 81041,
            "decimals": 18,
            "name": "Tether USD",
            "projectLink": "https://tether.to/",
            "symbol": "NUSDT",
          },
        ],
        Array [
          Token {
            "address": "0x8AC76a51cc950d9822D68b83fE1Ad97B32Cd580d",
            "chainId": 81041,
            "decimals": 18,
            "name": "Binance-Peg USD Coin",
            "projectLink": "https://www.centre.io/usdc",
            "symbol": "USDC",
          },
          Token {
            "address": "0x7130d2A12B9BCbFAe4f2634d864A1Ee1Ce3Ead9c",
            "chainId": 81041,
            "decimals": 18,
            "name": "Binance BTC",
            "projectLink": "https://bitcoin.org/",
            "symbol": "BTCB",
          },
        ],
        Array [
          Token {
            "address": "0x8AC76a51cc950d9822D68b83fE1Ad97B32Cd580d",
            "chainId": 81041,
            "decimals": 18,
            "name": "Binance-Peg USD Coin",
            "projectLink": "https://www.centre.io/usdc",
            "symbol": "USDC",
          },
          Token {
            "address": "0x2170Ed0880ac9A755fd29B2688956BD959F933F8",
            "chainId": 81041,
            "decimals": 18,
            "name": "Binance-Peg Ethereum Token",
            "projectLink": "https://ethereum.org/en/",
            "symbol": "ETH",
          },
        ],
      ],
    ],
  ],
  "results": Array [
    Object {
      "type": "return",
      "value": Array [
        Array [
          2,
          Pair {
            "liquidityToken": Token {
              "address": "0x0eD7e52944161450477ee417DE9Cd3a859b14fD0",
              "chainId": 81041,
              "decimals": 18,
              "name": "NSWAP LPs",
              "projectLink": undefined,
              "symbol": "NSWAP-LP",
            },
            "tokenAmounts": Array [
              TokenAmount {
                "currency": Token {
                  "address": "0xb2056F916E2485bE08e25246974a1c88d8F57F9E",
                  "chainId": 81041,
                  "decimals": 18,
                  "name": "NSWAP Token",
                  "projectLink": "http://norswap.io/",
                  "symbol": "NSWAP",
                },
                "denominator": JSBI [
                  660865024,
                  931322574,
                ],
                "numerator": JSBI [
                  1,
                ],
                "token": Token {
                  "address": "0xb2056F916E2485bE08e25246974a1c88d8F57F9E",
                  "chainId": 81041,
                  "decimals": 18,
                  "name": "NSWAP Token",
                  "projectLink": "http://norswap.io/",
                  "symbol": "NSWAP",
                },
              },
              TokenAmount {
                "currency": Token {
                  "address": "0xbb4CdB9CBd36B01bD1cBaEBF2De08d9173bc095c",
                  "chainId": 81041,
                  "decimals": 18,
                  "name": "Wrapped NRK",
                  "projectLink": "https://nordekscan.com/",
                  "symbol": "WNRK",
                },
                "denominator": JSBI [
                  660865024,
                  931322574,
                ],
                "numerator": JSBI [
                  1,
                ],
                "token": Token {
                  "address": "0xbb4CdB9CBd36B01bD1cBaEBF2De08d9173bc095c",
                  "chainId": 81041,
                  "decimals": 18,
                  "name": "Wrapped NRK",
                  "projectLink": "https://nordekscan.com/",
                  "symbol": "WNRK",
                },
              },
            ],
          },
        ],
        Array [
          2,
          Pair {
            "liquidityToken": Token {
              "address": "0x0eD7e52944161450477ee417DE9Cd3a859b14fD0",
              "chainId": 81041,
              "decimals": 18,
              "name": "NSWAP LPs",
              "projectLink": undefined,
              "symbol": "NSWAP-LP",
            },
            "tokenAmounts": Array [
              TokenAmount {
                "currency": Token {
                  "address": "0xb2056F916E2485bE08e25246974a1c88d8F57F9E",
                  "chainId": 81041,
                  "decimals": 18,
                  "name": "NSWAP Token",
                  "projectLink": "http://norswap.io/",
                  "symbol": "NSWAP",
                },
                "denominator": JSBI [
                  660865024,
                  931322574,
                ],
                "numerator": JSBI [
                  1,
                ],
                "token": Token {
                  "address": "0xb2056F916E2485bE08e25246974a1c88d8F57F9E",
                  "chainId": 81041,
                  "decimals": 18,
                  "name": "NSWAP Token",
                  "projectLink": "http://norswap.io/",
                  "symbol": "NSWAP",
                },
              },
              TokenAmount {
                "currency": Token {
                  "address": "0xbb4CdB9CBd36B01bD1cBaEBF2De08d9173bc095c",
                  "chainId": 81041,
                  "decimals": 18,
                  "name": "Wrapped NRK",
                  "projectLink": "https://nordekscan.com/",
                  "symbol": "WNRK",
                },
                "denominator": JSBI [
                  660865024,
                  931322574,
                ],
                "numerator": JSBI [
                  1,
                ],
                "token": Token {
                  "address": "0xbb4CdB9CBd36B01bD1cBaEBF2De08d9173bc095c",
                  "chainId": 81041,
                  "decimals": 18,
                  "name": "Wrapped NRK",
                  "projectLink": "https://nordekscan.com/",
                  "symbol": "WNRK",
                },
              },
            ],
          },
        ],
        Array [
          2,
          Pair {
            "liquidityToken": Token {
              "address": "0x0eD7e52944161450477ee417DE9Cd3a859b14fD0",
              "chainId": 81041,
              "decimals": 18,
              "name": "NSWAP LPs",
              "projectLink": undefined,
              "symbol": "NSWAP-LP",
            },
            "tokenAmounts": Array [
              TokenAmount {
                "currency": Token {
                  "address": "0xb2056F916E2485bE08e25246974a1c88d8F57F9E",
                  "chainId": 81041,
                  "decimals": 18,
                  "name": "NSWAP Token",
                  "projectLink": "http://norswap.io/",
                  "symbol": "NSWAP",
                },
                "denominator": JSBI [
                  660865024,
                  931322574,
                ],
                "numerator": JSBI [
                  1,
                ],
                "token": Token {
                  "address": "0xb2056F916E2485bE08e25246974a1c88d8F57F9E",
                  "chainId": 81041,
                  "decimals": 18,
                  "name": "NSWAP Token",
                  "projectLink": "http://norswap.io/",
                  "symbol": "NSWAP",
                },
              },
              TokenAmount {
                "currency": Token {
                  "address": "0xbb4CdB9CBd36B01bD1cBaEBF2De08d9173bc095c",
                  "chainId": 81041,
                  "decimals": 18,
                  "name": "Wrapped NRK",
                  "projectLink": "https://nordekscan.com/",
                  "symbol": "WNRK",
                },
                "denominator": JSBI [
                  660865024,
                  931322574,
                ],
                "numerator": JSBI [
                  1,
                ],
                "token": Token {
                  "address": "0xbb4CdB9CBd36B01bD1cBaEBF2De08d9173bc095c",
                  "chainId": 81041,
                  "decimals": 18,
                  "name": "Wrapped NRK",
                  "projectLink": "https://nordekscan.com/",
                  "symbol": "WNRK",
                },
              },
            ],
          },
        ],
        Array [
          2,
          null,
        ],
      ],
    },
  ],
}
`;

exports[`Trade #useAllCommonPairs should get all pair combinations, wnrk, wnrk 1`] = `
[MockFunction] {
  "calls": Array [
    Array [
      Array [
        Array [
          Token {
            "address": "0xbb4CdB9CBd36B01bD1cBaEBF2De08d9173bc095c",
            "chainId": 81041,
            "decimals": 18,
            "name": "Wrapped NRK",
            "projectLink": "https://nordekscan.com/",
            "symbol": "WNRK",
          },
          Token {
            "address": "0xb2056F916E2485bE08e25246974a1c88d8F57F9E",
            "chainId": 81041,
            "decimals": 18,
            "name": "NSWAP Token",
            "projectLink": "http://norswap.io/",
            "symbol": "NSWAP",
          },
        ],
        Array [
          Token {
            "address": "0xbb4CdB9CBd36B01bD1cBaEBF2De08d9173bc095c",
            "chainId": 81041,
            "decimals": 18,
            "name": "Wrapped NRK",
            "projectLink": "https://nordekscan.com/",
            "symbol": "WNRK",
          },
          Token {
            "address": "0xb30ebc0Ec978472B4a500a717880fE4D8f8c3288",
            "chainId": 81041,
            "decimals": 18,
            "name": "NUSD",
            "projectLink": "",
            "symbol": "NUSD",
          },
        ],
        Array [
          Token {
            "address": "0xbb4CdB9CBd36B01bD1cBaEBF2De08d9173bc095c",
            "chainId": 81041,
            "decimals": 18,
            "name": "Wrapped NRK",
            "projectLink": "https://nordekscan.com/",
            "symbol": "WNRK",
          },
          Token {
            "address": "0x588119D82871d7EC88C1070A2c066A2be2dF36e1",
            "chainId": 81041,
            "decimals": 18,
            "name": "Tether USD",
            "projectLink": "https://tether.to/",
            "symbol": "NUSDT",
          },
        ],
        Array [
          Token {
            "address": "0xbb4CdB9CBd36B01bD1cBaEBF2De08d9173bc095c",
            "chainId": 81041,
            "decimals": 18,
            "name": "Wrapped NRK",
            "projectLink": "https://nordekscan.com/",
            "symbol": "WNRK",
          },
          Token {
            "address": "0x7130d2A12B9BCbFAe4f2634d864A1Ee1Ce3Ead9c",
            "chainId": 81041,
            "decimals": 18,
            "name": "Binance BTC",
            "projectLink": "https://bitcoin.org/",
            "symbol": "BTCB",
          },
        ],
        Array [
          Token {
            "address": "0xbb4CdB9CBd36B01bD1cBaEBF2De08d9173bc095c",
            "chainId": 81041,
            "decimals": 18,
            "name": "Wrapped NRK",
            "projectLink": "https://nordekscan.com/",
            "symbol": "WNRK",
          },
          Token {
            "address": "0x2170Ed0880ac9A755fd29B2688956BD959F933F8",
            "chainId": 81041,
            "decimals": 18,
            "name": "Binance-Peg Ethereum Token",
            "projectLink": "https://ethereum.org/en/",
            "symbol": "ETH",
          },
        ],
        Array [
          Token {
            "address": "0xbb4CdB9CBd36B01bD1cBaEBF2De08d9173bc095c",
            "chainId": 81041,
            "decimals": 18,
            "name": "Wrapped NRK",
            "projectLink": "https://nordekscan.com/",
            "symbol": "WNRK",
          },
          Token {
            "address": "0x8AC76a51cc950d9822D68b83fE1Ad97B32Cd580d",
            "chainId": 81041,
            "decimals": 18,
            "name": "Binance-Peg USD Coin",
            "projectLink": "https://www.centre.io/usdc",
            "symbol": "USDC",
          },
        ],
        Array [
          Token {
            "address": "0xbb4CdB9CBd36B01bD1cBaEBF2De08d9173bc095c",
            "chainId": 81041,
            "decimals": 18,
            "name": "Wrapped NRK",
            "projectLink": "https://nordekscan.com/",
            "symbol": "WNRK",
          },
          Token {
            "address": "0xb2056F916E2485bE08e25246974a1c88d8F57F9E",
            "chainId": 81041,
            "decimals": 18,
            "name": "NSWAP Token",
            "projectLink": "http://norswap.io/",
            "symbol": "NSWAP",
          },
        ],
        Array [
          Token {
            "address": "0xbb4CdB9CBd36B01bD1cBaEBF2De08d9173bc095c",
            "chainId": 81041,
            "decimals": 18,
            "name": "Wrapped NRK",
            "projectLink": "https://nordekscan.com/",
            "symbol": "WNRK",
          },
          Token {
            "address": "0xb30ebc0Ec978472B4a500a717880fE4D8f8c3288",
            "chainId": 81041,
            "decimals": 18,
            "name": "NUSD",
            "projectLink": "",
            "symbol": "NUSD",
          },
        ],
        Array [
          Token {
            "address": "0xbb4CdB9CBd36B01bD1cBaEBF2De08d9173bc095c",
            "chainId": 81041,
            "decimals": 18,
            "name": "Wrapped NRK",
            "projectLink": "https://nordekscan.com/",
            "symbol": "WNRK",
          },
          Token {
            "address": "0x588119D82871d7EC88C1070A2c066A2be2dF36e1",
            "chainId": 81041,
            "decimals": 18,
            "name": "Tether USD",
            "projectLink": "https://tether.to/",
            "symbol": "NUSDT",
          },
        ],
        Array [
          Token {
            "address": "0xbb4CdB9CBd36B01bD1cBaEBF2De08d9173bc095c",
            "chainId": 81041,
            "decimals": 18,
            "name": "Wrapped NRK",
            "projectLink": "https://nordekscan.com/",
            "symbol": "WNRK",
          },
          Token {
            "address": "0x7130d2A12B9BCbFAe4f2634d864A1Ee1Ce3Ead9c",
            "chainId": 81041,
            "decimals": 18,
            "name": "Binance BTC",
            "projectLink": "https://bitcoin.org/",
            "symbol": "BTCB",
          },
        ],
        Array [
          Token {
            "address": "0xbb4CdB9CBd36B01bD1cBaEBF2De08d9173bc095c",
            "chainId": 81041,
            "decimals": 18,
            "name": "Wrapped NRK",
            "projectLink": "https://nordekscan.com/",
            "symbol": "WNRK",
          },
          Token {
            "address": "0x2170Ed0880ac9A755fd29B2688956BD959F933F8",
            "chainId": 81041,
            "decimals": 18,
            "name": "Binance-Peg Ethereum Token",
            "projectLink": "https://ethereum.org/en/",
            "symbol": "ETH",
          },
        ],
        Array [
          Token {
            "address": "0xbb4CdB9CBd36B01bD1cBaEBF2De08d9173bc095c",
            "chainId": 81041,
            "decimals": 18,
            "name": "Wrapped NRK",
            "projectLink": "https://nordekscan.com/",
            "symbol": "WNRK",
          },
          Token {
            "address": "0x8AC76a51cc950d9822D68b83fE1Ad97B32Cd580d",
            "chainId": 81041,
            "decimals": 18,
            "name": "Binance-Peg USD Coin",
            "projectLink": "https://www.centre.io/usdc",
            "symbol": "USDC",
          },
        ],
        Array [
          Token {
            "address": "0xbb4CdB9CBd36B01bD1cBaEBF2De08d9173bc095c",
            "chainId": 81041,
            "decimals": 18,
            "name": "Wrapped NRK",
            "projectLink": "https://nordekscan.com/",
            "symbol": "WNRK",
          },
          Token {
            "address": "0xb2056F916E2485bE08e25246974a1c88d8F57F9E",
            "chainId": 81041,
            "decimals": 18,
            "name": "NSWAP Token",
            "projectLink": "http://norswap.io/",
            "symbol": "NSWAP",
          },
        ],
        Array [
          Token {
            "address": "0xbb4CdB9CBd36B01bD1cBaEBF2De08d9173bc095c",
            "chainId": 81041,
            "decimals": 18,
            "name": "Wrapped NRK",
            "projectLink": "https://nordekscan.com/",
            "symbol": "WNRK",
          },
          Token {
            "address": "0xb30ebc0Ec978472B4a500a717880fE4D8f8c3288",
            "chainId": 81041,
            "decimals": 18,
            "name": "NUSD",
            "projectLink": "",
            "symbol": "NUSD",
          },
        ],
        Array [
          Token {
            "address": "0xbb4CdB9CBd36B01bD1cBaEBF2De08d9173bc095c",
            "chainId": 81041,
            "decimals": 18,
            "name": "Wrapped NRK",
            "projectLink": "https://nordekscan.com/",
            "symbol": "WNRK",
          },
          Token {
            "address": "0x588119D82871d7EC88C1070A2c066A2be2dF36e1",
            "chainId": 81041,
            "decimals": 18,
            "name": "Tether USD",
            "projectLink": "https://tether.to/",
            "symbol": "NUSDT",
          },
        ],
        Array [
          Token {
            "address": "0xbb4CdB9CBd36B01bD1cBaEBF2De08d9173bc095c",
            "chainId": 81041,
            "decimals": 18,
            "name": "Wrapped NRK",
            "projectLink": "https://nordekscan.com/",
            "symbol": "WNRK",
          },
          Token {
            "address": "0x7130d2A12B9BCbFAe4f2634d864A1Ee1Ce3Ead9c",
            "chainId": 81041,
            "decimals": 18,
            "name": "Binance BTC",
            "projectLink": "https://bitcoin.org/",
            "symbol": "BTCB",
          },
        ],
        Array [
          Token {
            "address": "0xbb4CdB9CBd36B01bD1cBaEBF2De08d9173bc095c",
            "chainId": 81041,
            "decimals": 18,
            "name": "Wrapped NRK",
            "projectLink": "https://nordekscan.com/",
            "symbol": "WNRK",
          },
          Token {
            "address": "0x2170Ed0880ac9A755fd29B2688956BD959F933F8",
            "chainId": 81041,
            "decimals": 18,
            "name": "Binance-Peg Ethereum Token",
            "projectLink": "https://ethereum.org/en/",
            "symbol": "ETH",
          },
        ],
        Array [
          Token {
            "address": "0xbb4CdB9CBd36B01bD1cBaEBF2De08d9173bc095c",
            "chainId": 81041,
            "decimals": 18,
            "name": "Wrapped NRK",
            "projectLink": "https://nordekscan.com/",
            "symbol": "WNRK",
          },
          Token {
            "address": "0x8AC76a51cc950d9822D68b83fE1Ad97B32Cd580d",
            "chainId": 81041,
            "decimals": 18,
            "name": "Binance-Peg USD Coin",
            "projectLink": "https://www.centre.io/usdc",
            "symbol": "USDC",
          },
        ],
        Array [
          Token {
            "address": "0xb2056F916E2485bE08e25246974a1c88d8F57F9E",
            "chainId": 81041,
            "decimals": 18,
            "name": "NSWAP Token",
            "projectLink": "http://norswap.io/",
            "symbol": "NSWAP",
          },
          Token {
            "address": "0xbb4CdB9CBd36B01bD1cBaEBF2De08d9173bc095c",
            "chainId": 81041,
            "decimals": 18,
            "name": "Wrapped NRK",
            "projectLink": "https://nordekscan.com/",
            "symbol": "WNRK",
          },
        ],
        Array [
          Token {
            "address": "0xb2056F916E2485bE08e25246974a1c88d8F57F9E",
            "chainId": 81041,
            "decimals": 18,
            "name": "NSWAP Token",
            "projectLink": "http://norswap.io/",
            "symbol": "NSWAP",
          },
          Token {
            "address": "0xb30ebc0Ec978472B4a500a717880fE4D8f8c3288",
            "chainId": 81041,
            "decimals": 18,
            "name": "NUSD",
            "projectLink": "",
            "symbol": "NUSD",
          },
        ],
        Array [
          Token {
            "address": "0xb2056F916E2485bE08e25246974a1c88d8F57F9E",
            "chainId": 81041,
            "decimals": 18,
            "name": "NSWAP Token",
            "projectLink": "http://norswap.io/",
            "symbol": "NSWAP",
          },
          Token {
            "address": "0x588119D82871d7EC88C1070A2c066A2be2dF36e1",
            "chainId": 81041,
            "decimals": 18,
            "name": "Tether USD",
            "projectLink": "https://tether.to/",
            "symbol": "NUSDT",
          },
        ],
        Array [
          Token {
            "address": "0xb2056F916E2485bE08e25246974a1c88d8F57F9E",
            "chainId": 81041,
            "decimals": 18,
            "name": "NSWAP Token",
            "projectLink": "http://norswap.io/",
            "symbol": "NSWAP",
          },
          Token {
            "address": "0x7130d2A12B9BCbFAe4f2634d864A1Ee1Ce3Ead9c",
            "chainId": 81041,
            "decimals": 18,
            "name": "Binance BTC",
            "projectLink": "https://bitcoin.org/",
            "symbol": "BTCB",
          },
        ],
        Array [
          Token {
            "address": "0xb2056F916E2485bE08e25246974a1c88d8F57F9E",
            "chainId": 81041,
            "decimals": 18,
            "name": "NSWAP Token",
            "projectLink": "http://norswap.io/",
            "symbol": "NSWAP",
          },
          Token {
            "address": "0x2170Ed0880ac9A755fd29B2688956BD959F933F8",
            "chainId": 81041,
            "decimals": 18,
            "name": "Binance-Peg Ethereum Token",
            "projectLink": "https://ethereum.org/en/",
            "symbol": "ETH",
          },
        ],
        Array [
          Token {
            "address": "0xb2056F916E2485bE08e25246974a1c88d8F57F9E",
            "chainId": 81041,
            "decimals": 18,
            "name": "NSWAP Token",
            "projectLink": "http://norswap.io/",
            "symbol": "NSWAP",
          },
          Token {
            "address": "0x8AC76a51cc950d9822D68b83fE1Ad97B32Cd580d",
            "chainId": 81041,
            "decimals": 18,
            "name": "Binance-Peg USD Coin",
            "projectLink": "https://www.centre.io/usdc",
            "symbol": "USDC",
          },
        ],
        Array [
          Token {
            "address": "0xb30ebc0Ec978472B4a500a717880fE4D8f8c3288",
            "chainId": 81041,
            "decimals": 18,
            "name": "NUSD",
            "projectLink": "",
            "symbol": "NUSD",
          },
          Token {
            "address": "0xbb4CdB9CBd36B01bD1cBaEBF2De08d9173bc095c",
            "chainId": 81041,
            "decimals": 18,
            "name": "Wrapped NRK",
            "projectLink": "https://nordekscan.com/",
            "symbol": "WNRK",
          },
        ],
        Array [
          Token {
            "address": "0xb30ebc0Ec978472B4a500a717880fE4D8f8c3288",
            "chainId": 81041,
            "decimals": 18,
            "name": "NUSD",
            "projectLink": "",
            "symbol": "NUSD",
          },
          Token {
            "address": "0xb2056F916E2485bE08e25246974a1c88d8F57F9E",
            "chainId": 81041,
            "decimals": 18,
            "name": "NSWAP Token",
            "projectLink": "http://norswap.io/",
            "symbol": "NSWAP",
          },
        ],
        Array [
          Token {
            "address": "0xb30ebc0Ec978472B4a500a717880fE4D8f8c3288",
            "chainId": 81041,
            "decimals": 18,
            "name": "NUSD",
            "projectLink": "",
            "symbol": "NUSD",
          },
          Token {
            "address": "0x588119D82871d7EC88C1070A2c066A2be2dF36e1",
            "chainId": 81041,
            "decimals": 18,
            "name": "Tether USD",
            "projectLink": "https://tether.to/",
            "symbol": "NUSDT",
          },
        ],
        Array [
          Token {
            "address": "0xb30ebc0Ec978472B4a500a717880fE4D8f8c3288",
            "chainId": 81041,
            "decimals": 18,
            "name": "NUSD",
            "projectLink": "",
            "symbol": "NUSD",
          },
          Token {
            "address": "0x7130d2A12B9BCbFAe4f2634d864A1Ee1Ce3Ead9c",
            "chainId": 81041,
            "decimals": 18,
            "name": "Binance BTC",
            "projectLink": "https://bitcoin.org/",
            "symbol": "BTCB",
          },
        ],
        Array [
          Token {
            "address": "0xb30ebc0Ec978472B4a500a717880fE4D8f8c3288",
            "chainId": 81041,
            "decimals": 18,
            "name": "NUSD",
            "projectLink": "",
            "symbol": "NUSD",
          },
          Token {
            "address": "0x2170Ed0880ac9A755fd29B2688956BD959F933F8",
            "chainId": 81041,
            "decimals": 18,
            "name": "Binance-Peg Ethereum Token",
            "projectLink": "https://ethereum.org/en/",
            "symbol": "ETH",
          },
        ],
        Array [
          Token {
            "address": "0xb30ebc0Ec978472B4a500a717880fE4D8f8c3288",
            "chainId": 81041,
            "decimals": 18,
            "name": "NUSD",
            "projectLink": "",
            "symbol": "NUSD",
          },
          Token {
            "address": "0x8AC76a51cc950d9822D68b83fE1Ad97B32Cd580d",
            "chainId": 81041,
            "decimals": 18,
            "name": "Binance-Peg USD Coin",
            "projectLink": "https://www.centre.io/usdc",
            "symbol": "USDC",
          },
        ],
        Array [
          Token {
            "address": "0x588119D82871d7EC88C1070A2c066A2be2dF36e1",
            "chainId": 81041,
            "decimals": 18,
            "name": "Tether USD",
            "projectLink": "https://tether.to/",
            "symbol": "NUSDT",
          },
          Token {
            "address": "0xbb4CdB9CBd36B01bD1cBaEBF2De08d9173bc095c",
            "chainId": 81041,
            "decimals": 18,
            "name": "Wrapped NRK",
            "projectLink": "https://nordekscan.com/",
            "symbol": "WNRK",
          },
        ],
        Array [
          Token {
            "address": "0x588119D82871d7EC88C1070A2c066A2be2dF36e1",
            "chainId": 81041,
            "decimals": 18,
            "name": "Tether USD",
            "projectLink": "https://tether.to/",
            "symbol": "NUSDT",
          },
          Token {
            "address": "0xb2056F916E2485bE08e25246974a1c88d8F57F9E",
            "chainId": 81041,
            "decimals": 18,
            "name": "NSWAP Token",
            "projectLink": "http://norswap.io/",
            "symbol": "NSWAP",
          },
        ],
        Array [
          Token {
            "address": "0x588119D82871d7EC88C1070A2c066A2be2dF36e1",
            "chainId": 81041,
            "decimals": 18,
            "name": "Tether USD",
            "projectLink": "https://tether.to/",
            "symbol": "NUSDT",
          },
          Token {
            "address": "0xb30ebc0Ec978472B4a500a717880fE4D8f8c3288",
            "chainId": 81041,
            "decimals": 18,
            "name": "NUSD",
            "projectLink": "",
            "symbol": "NUSD",
          },
        ],
        Array [
          Token {
            "address": "0x588119D82871d7EC88C1070A2c066A2be2dF36e1",
            "chainId": 81041,
            "decimals": 18,
            "name": "Tether USD",
            "projectLink": "https://tether.to/",
            "symbol": "NUSDT",
          },
          Token {
            "address": "0x7130d2A12B9BCbFAe4f2634d864A1Ee1Ce3Ead9c",
            "chainId": 81041,
            "decimals": 18,
            "name": "Binance BTC",
            "projectLink": "https://bitcoin.org/",
            "symbol": "BTCB",
          },
        ],
        Array [
          Token {
            "address": "0x588119D82871d7EC88C1070A2c066A2be2dF36e1",
            "chainId": 81041,
            "decimals": 18,
            "name": "Tether USD",
            "projectLink": "https://tether.to/",
            "symbol": "NUSDT",
          },
          Token {
            "address": "0x2170Ed0880ac9A755fd29B2688956BD959F933F8",
            "chainId": 81041,
            "decimals": 18,
            "name": "Binance-Peg Ethereum Token",
            "projectLink": "https://ethereum.org/en/",
            "symbol": "ETH",
          },
        ],
        Array [
          Token {
            "address": "0x588119D82871d7EC88C1070A2c066A2be2dF36e1",
            "chainId": 81041,
            "decimals": 18,
            "name": "Tether USD",
            "projectLink": "https://tether.to/",
            "symbol": "NUSDT",
          },
          Token {
            "address": "0x8AC76a51cc950d9822D68b83fE1Ad97B32Cd580d",
            "chainId": 81041,
            "decimals": 18,
            "name": "Binance-Peg USD Coin",
            "projectLink": "https://www.centre.io/usdc",
            "symbol": "USDC",
          },
        ],
        Array [
          Token {
            "address": "0x7130d2A12B9BCbFAe4f2634d864A1Ee1Ce3Ead9c",
            "chainId": 81041,
            "decimals": 18,
            "name": "Binance BTC",
            "projectLink": "https://bitcoin.org/",
            "symbol": "BTCB",
          },
          Token {
            "address": "0xbb4CdB9CBd36B01bD1cBaEBF2De08d9173bc095c",
            "chainId": 81041,
            "decimals": 18,
            "name": "Wrapped NRK",
            "projectLink": "https://nordekscan.com/",
            "symbol": "WNRK",
          },
        ],
        Array [
          Token {
            "address": "0x7130d2A12B9BCbFAe4f2634d864A1Ee1Ce3Ead9c",
            "chainId": 81041,
            "decimals": 18,
            "name": "Binance BTC",
            "projectLink": "https://bitcoin.org/",
            "symbol": "BTCB",
          },
          Token {
            "address": "0xb2056F916E2485bE08e25246974a1c88d8F57F9E",
            "chainId": 81041,
            "decimals": 18,
            "name": "NSWAP Token",
            "projectLink": "http://norswap.io/",
            "symbol": "NSWAP",
          },
        ],
        Array [
          Token {
            "address": "0x7130d2A12B9BCbFAe4f2634d864A1Ee1Ce3Ead9c",
            "chainId": 81041,
            "decimals": 18,
            "name": "Binance BTC",
            "projectLink": "https://bitcoin.org/",
            "symbol": "BTCB",
          },
          Token {
            "address": "0xb30ebc0Ec978472B4a500a717880fE4D8f8c3288",
            "chainId": 81041,
            "decimals": 18,
            "name": "NUSD",
            "projectLink": "",
            "symbol": "NUSD",
          },
        ],
        Array [
          Token {
            "address": "0x7130d2A12B9BCbFAe4f2634d864A1Ee1Ce3Ead9c",
            "chainId": 81041,
            "decimals": 18,
            "name": "Binance BTC",
            "projectLink": "https://bitcoin.org/",
            "symbol": "BTCB",
          },
          Token {
            "address": "0x588119D82871d7EC88C1070A2c066A2be2dF36e1",
            "chainId": 81041,
            "decimals": 18,
            "name": "Tether USD",
            "projectLink": "https://tether.to/",
            "symbol": "NUSDT",
          },
        ],
        Array [
          Token {
            "address": "0x7130d2A12B9BCbFAe4f2634d864A1Ee1Ce3Ead9c",
            "chainId": 81041,
            "decimals": 18,
            "name": "Binance BTC",
            "projectLink": "https://bitcoin.org/",
            "symbol": "BTCB",
          },
          Token {
            "address": "0x2170Ed0880ac9A755fd29B2688956BD959F933F8",
            "chainId": 81041,
            "decimals": 18,
            "name": "Binance-Peg Ethereum Token",
            "projectLink": "https://ethereum.org/en/",
            "symbol": "ETH",
          },
        ],
        Array [
          Token {
            "address": "0x7130d2A12B9BCbFAe4f2634d864A1Ee1Ce3Ead9c",
            "chainId": 81041,
            "decimals": 18,
            "name": "Binance BTC",
            "projectLink": "https://bitcoin.org/",
            "symbol": "BTCB",
          },
          Token {
            "address": "0x8AC76a51cc950d9822D68b83fE1Ad97B32Cd580d",
            "chainId": 81041,
            "decimals": 18,
            "name": "Binance-Peg USD Coin",
            "projectLink": "https://www.centre.io/usdc",
            "symbol": "USDC",
          },
        ],
        Array [
          Token {
            "address": "0x2170Ed0880ac9A755fd29B2688956BD959F933F8",
            "chainId": 81041,
            "decimals": 18,
            "name": "Binance-Peg Ethereum Token",
            "projectLink": "https://ethereum.org/en/",
            "symbol": "ETH",
          },
          Token {
            "address": "0xbb4CdB9CBd36B01bD1cBaEBF2De08d9173bc095c",
            "chainId": 81041,
            "decimals": 18,
            "name": "Wrapped NRK",
            "projectLink": "https://nordekscan.com/",
            "symbol": "WNRK",
          },
        ],
        Array [
          Token {
            "address": "0x2170Ed0880ac9A755fd29B2688956BD959F933F8",
            "chainId": 81041,
            "decimals": 18,
            "name": "Binance-Peg Ethereum Token",
            "projectLink": "https://ethereum.org/en/",
            "symbol": "ETH",
          },
          Token {
            "address": "0xb2056F916E2485bE08e25246974a1c88d8F57F9E",
            "chainId": 81041,
            "decimals": 18,
            "name": "NSWAP Token",
            "projectLink": "http://norswap.io/",
            "symbol": "NSWAP",
          },
        ],
        Array [
          Token {
            "address": "0x2170Ed0880ac9A755fd29B2688956BD959F933F8",
            "chainId": 81041,
            "decimals": 18,
            "name": "Binance-Peg Ethereum Token",
            "projectLink": "https://ethereum.org/en/",
            "symbol": "ETH",
          },
          Token {
            "address": "0xb30ebc0Ec978472B4a500a717880fE4D8f8c3288",
            "chainId": 81041,
            "decimals": 18,
            "name": "NUSD",
            "projectLink": "",
            "symbol": "NUSD",
          },
        ],
        Array [
          Token {
            "address": "0x2170Ed0880ac9A755fd29B2688956BD959F933F8",
            "chainId": 81041,
            "decimals": 18,
            "name": "Binance-Peg Ethereum Token",
            "projectLink": "https://ethereum.org/en/",
            "symbol": "ETH",
          },
          Token {
            "address": "0x588119D82871d7EC88C1070A2c066A2be2dF36e1",
            "chainId": 81041,
            "decimals": 18,
            "name": "Tether USD",
            "projectLink": "https://tether.to/",
            "symbol": "NUSDT",
          },
        ],
        Array [
          Token {
            "address": "0x2170Ed0880ac9A755fd29B2688956BD959F933F8",
            "chainId": 81041,
            "decimals": 18,
            "name": "Binance-Peg Ethereum Token",
            "projectLink": "https://ethereum.org/en/",
            "symbol": "ETH",
          },
          Token {
            "address": "0x7130d2A12B9BCbFAe4f2634d864A1Ee1Ce3Ead9c",
            "chainId": 81041,
            "decimals": 18,
            "name": "Binance BTC",
            "projectLink": "https://bitcoin.org/",
            "symbol": "BTCB",
          },
        ],
        Array [
          Token {
            "address": "0x2170Ed0880ac9A755fd29B2688956BD959F933F8",
            "chainId": 81041,
            "decimals": 18,
            "name": "Binance-Peg Ethereum Token",
            "projectLink": "https://ethereum.org/en/",
            "symbol": "ETH",
          },
          Token {
            "address": "0x8AC76a51cc950d9822D68b83fE1Ad97B32Cd580d",
            "chainId": 81041,
            "decimals": 18,
            "name": "Binance-Peg USD Coin",
            "projectLink": "https://www.centre.io/usdc",
            "symbol": "USDC",
          },
        ],
        Array [
          Token {
            "address": "0x8AC76a51cc950d9822D68b83fE1Ad97B32Cd580d",
            "chainId": 81041,
            "decimals": 18,
            "name": "Binance-Peg USD Coin",
            "projectLink": "https://www.centre.io/usdc",
            "symbol": "USDC",
          },
          Token {
            "address": "0xbb4CdB9CBd36B01bD1cBaEBF2De08d9173bc095c",
            "chainId": 81041,
            "decimals": 18,
            "name": "Wrapped NRK",
            "projectLink": "https://nordekscan.com/",
            "symbol": "WNRK",
          },
        ],
        Array [
          Token {
            "address": "0x8AC76a51cc950d9822D68b83fE1Ad97B32Cd580d",
            "chainId": 81041,
            "decimals": 18,
            "name": "Binance-Peg USD Coin",
            "projectLink": "https://www.centre.io/usdc",
            "symbol": "USDC",
          },
          Token {
            "address": "0xb2056F916E2485bE08e25246974a1c88d8F57F9E",
            "chainId": 81041,
            "decimals": 18,
            "name": "NSWAP Token",
            "projectLink": "http://norswap.io/",
            "symbol": "NSWAP",
          },
        ],
        Array [
          Token {
            "address": "0x8AC76a51cc950d9822D68b83fE1Ad97B32Cd580d",
            "chainId": 81041,
            "decimals": 18,
            "name": "Binance-Peg USD Coin",
            "projectLink": "https://www.centre.io/usdc",
            "symbol": "USDC",
          },
          Token {
            "address": "0xb30ebc0Ec978472B4a500a717880fE4D8f8c3288",
            "chainId": 81041,
            "decimals": 18,
            "name": "NUSD",
            "projectLink": "",
            "symbol": "NUSD",
          },
        ],
        Array [
          Token {
            "address": "0x8AC76a51cc950d9822D68b83fE1Ad97B32Cd580d",
            "chainId": 81041,
            "decimals": 18,
            "name": "Binance-Peg USD Coin",
            "projectLink": "https://www.centre.io/usdc",
            "symbol": "USDC",
          },
          Token {
            "address": "0x588119D82871d7EC88C1070A2c066A2be2dF36e1",
            "chainId": 81041,
            "decimals": 18,
            "name": "Tether USD",
            "projectLink": "https://tether.to/",
            "symbol": "NUSDT",
          },
        ],
        Array [
          Token {
            "address": "0x8AC76a51cc950d9822D68b83fE1Ad97B32Cd580d",
            "chainId": 81041,
            "decimals": 18,
            "name": "Binance-Peg USD Coin",
            "projectLink": "https://www.centre.io/usdc",
            "symbol": "USDC",
          },
          Token {
            "address": "0x7130d2A12B9BCbFAe4f2634d864A1Ee1Ce3Ead9c",
            "chainId": 81041,
            "decimals": 18,
            "name": "Binance BTC",
            "projectLink": "https://bitcoin.org/",
            "symbol": "BTCB",
          },
        ],
        Array [
          Token {
            "address": "0x8AC76a51cc950d9822D68b83fE1Ad97B32Cd580d",
            "chainId": 81041,
            "decimals": 18,
            "name": "Binance-Peg USD Coin",
            "projectLink": "https://www.centre.io/usdc",
            "symbol": "USDC",
          },
          Token {
            "address": "0x2170Ed0880ac9A755fd29B2688956BD959F933F8",
            "chainId": 81041,
            "decimals": 18,
            "name": "Binance-Peg Ethereum Token",
            "projectLink": "https://ethereum.org/en/",
            "symbol": "ETH",
          },
        ],
      ],
    ],
  ],
  "results": Array [
    Object {
      "type": "return",
      "value": Array [
        Array [
          2,
          Pair {
            "liquidityToken": Token {
              "address": "0x0eD7e52944161450477ee417DE9Cd3a859b14fD0",
              "chainId": 81041,
              "decimals": 18,
              "name": "NSWAP LPs",
              "projectLink": undefined,
              "symbol": "NSWAP-LP",
            },
            "tokenAmounts": Array [
              TokenAmount {
                "currency": Token {
                  "address": "0xb2056F916E2485bE08e25246974a1c88d8F57F9E",
                  "chainId": 81041,
                  "decimals": 18,
                  "name": "NSWAP Token",
                  "projectLink": "http://norswap.io/",
                  "symbol": "NSWAP",
                },
                "denominator": JSBI [
                  660865024,
                  931322574,
                ],
                "numerator": JSBI [
                  1,
                ],
                "token": Token {
                  "address": "0xb2056F916E2485bE08e25246974a1c88d8F57F9E",
                  "chainId": 81041,
                  "decimals": 18,
                  "name": "NSWAP Token",
                  "projectLink": "http://norswap.io/",
                  "symbol": "NSWAP",
                },
              },
              TokenAmount {
                "currency": Token {
                  "address": "0xbb4CdB9CBd36B01bD1cBaEBF2De08d9173bc095c",
                  "chainId": 81041,
                  "decimals": 18,
                  "name": "Wrapped NRK",
                  "projectLink": "https://nordekscan.com/",
                  "symbol": "WNRK",
                },
                "denominator": JSBI [
                  660865024,
                  931322574,
                ],
                "numerator": JSBI [
                  1,
                ],
                "token": Token {
                  "address": "0xbb4CdB9CBd36B01bD1cBaEBF2De08d9173bc095c",
                  "chainId": 81041,
                  "decimals": 18,
                  "name": "Wrapped NRK",
                  "projectLink": "https://nordekscan.com/",
                  "symbol": "WNRK",
                },
              },
            ],
          },
        ],
        Array [
          2,
          Pair {
            "liquidityToken": Token {
              "address": "0x0eD7e52944161450477ee417DE9Cd3a859b14fD0",
              "chainId": 81041,
              "decimals": 18,
              "name": "NSWAP LPs",
              "projectLink": undefined,
              "symbol": "NSWAP-LP",
            },
            "tokenAmounts": Array [
              TokenAmount {
                "currency": Token {
                  "address": "0xb2056F916E2485bE08e25246974a1c88d8F57F9E",
                  "chainId": 81041,
                  "decimals": 18,
                  "name": "NSWAP Token",
                  "projectLink": "http://norswap.io/",
                  "symbol": "NSWAP",
                },
                "denominator": JSBI [
                  660865024,
                  931322574,
                ],
                "numerator": JSBI [
                  1,
                ],
                "token": Token {
                  "address": "0xb2056F916E2485bE08e25246974a1c88d8F57F9E",
                  "chainId": 81041,
                  "decimals": 18,
                  "name": "NSWAP Token",
                  "projectLink": "http://norswap.io/",
                  "symbol": "NSWAP",
                },
              },
              TokenAmount {
                "currency": Token {
                  "address": "0xbb4CdB9CBd36B01bD1cBaEBF2De08d9173bc095c",
                  "chainId": 81041,
                  "decimals": 18,
                  "name": "Wrapped NRK",
                  "projectLink": "https://nordekscan.com/",
                  "symbol": "WNRK",
                },
                "denominator": JSBI [
                  660865024,
                  931322574,
                ],
                "numerator": JSBI [
                  1,
                ],
                "token": Token {
                  "address": "0xbb4CdB9CBd36B01bD1cBaEBF2De08d9173bc095c",
                  "chainId": 81041,
                  "decimals": 18,
                  "name": "Wrapped NRK",
                  "projectLink": "https://nordekscan.com/",
                  "symbol": "WNRK",
                },
              },
            ],
          },
        ],
        Array [
          2,
          Pair {
            "liquidityToken": Token {
              "address": "0x0eD7e52944161450477ee417DE9Cd3a859b14fD0",
              "chainId": 81041,
              "decimals": 18,
              "name": "NSWAP LPs",
              "projectLink": undefined,
              "symbol": "NSWAP-LP",
            },
            "tokenAmounts": Array [
              TokenAmount {
                "currency": Token {
                  "address": "0xb2056F916E2485bE08e25246974a1c88d8F57F9E",
                  "chainId": 81041,
                  "decimals": 18,
                  "name": "NSWAP Token",
                  "projectLink": "http://norswap.io/",
                  "symbol": "NSWAP",
                },
                "denominator": JSBI [
                  660865024,
                  931322574,
                ],
                "numerator": JSBI [
                  1,
                ],
                "token": Token {
                  "address": "0xb2056F916E2485bE08e25246974a1c88d8F57F9E",
                  "chainId": 81041,
                  "decimals": 18,
                  "name": "NSWAP Token",
                  "projectLink": "http://norswap.io/",
                  "symbol": "NSWAP",
                },
              },
              TokenAmount {
                "currency": Token {
                  "address": "0xbb4CdB9CBd36B01bD1cBaEBF2De08d9173bc095c",
                  "chainId": 81041,
                  "decimals": 18,
                  "name": "Wrapped NRK",
                  "projectLink": "https://nordekscan.com/",
                  "symbol": "WNRK",
                },
                "denominator": JSBI [
                  660865024,
                  931322574,
                ],
                "numerator": JSBI [
                  1,
                ],
                "token": Token {
                  "address": "0xbb4CdB9CBd36B01bD1cBaEBF2De08d9173bc095c",
                  "chainId": 81041,
                  "decimals": 18,
                  "name": "Wrapped NRK",
                  "projectLink": "https://nordekscan.com/",
                  "symbol": "WNRK",
                },
              },
            ],
          },
        ],
        Array [
          2,
          null,
        ],
      ],
    },
  ],
}
`;
